{
    "multiqc_versions_single": {
        "content": [
            [
<<<<<<< HEAD
                "versions.yml:md5,b05075d2d2b4f485c0d627a5c8e475b2"
            ]
        ],
        "meta": {
            "nf-test": "0.9.0",
            "nextflow": "24.10.4"
        },
        "timestamp": "2025-03-26T16:05:18.927925"
=======
                "versions.yml:md5,8f3b8c1cec5388cf2708be948c9fa42f"
            ]
        ],
        "meta": {
            "nf-test": "0.9.2",
            "nextflow": "24.10.4"
        },
        "timestamp": "2025-01-27T09:29:57.631982377"
>>>>>>> TEMPLATE
    },
    "multiqc_stub": {
        "content": [
            [
                "multiqc_report.html",
                "multiqc_data",
                "multiqc_plots",
<<<<<<< HEAD
                "versions.yml:md5,b05075d2d2b4f485c0d627a5c8e475b2"
            ]
        ],
        "meta": {
            "nf-test": "0.9.0",
            "nextflow": "24.10.4"
        },
        "timestamp": "2025-03-26T16:05:55.639955"
=======
                "versions.yml:md5,8f3b8c1cec5388cf2708be948c9fa42f"
            ]
        ],
        "meta": {
            "nf-test": "0.9.2",
            "nextflow": "24.10.4"
        },
        "timestamp": "2025-01-27T09:30:34.743726958"
>>>>>>> TEMPLATE
    },
    "multiqc_versions_config": {
        "content": [
            [
<<<<<<< HEAD
                "versions.yml:md5,b05075d2d2b4f485c0d627a5c8e475b2"
            ]
        ],
        "meta": {
            "nf-test": "0.9.0",
            "nextflow": "24.10.4"
        },
        "timestamp": "2025-03-26T16:05:44.067369"
=======
                "versions.yml:md5,8f3b8c1cec5388cf2708be948c9fa42f"
            ]
        ],
        "meta": {
            "nf-test": "0.9.2",
            "nextflow": "24.10.4"
        },
        "timestamp": "2025-01-27T09:30:21.44383553"
>>>>>>> TEMPLATE
    }
}